1. Generating Dummy PDFs...
2. Logging in as Teacher and Student...
3. Teacher: Creating an Exam...
   Exam Created! ID: 11
4. Teacher: Uploading Model Answer Key PDF...
   Model Answer Uploaded Successfully!
5. Teacher: Configuring Rubric...
   Rubric Configured!
6. Exam Coordinator / Student: Uploading Student Answer Script PDF...
   Student Submission Uploaded! ID: 5
7. System: Triggering AI Evaluation...
